gemini.chat_session
gemini.chat_session_many
gemini.generate_image
gemini.generate_text
hackernews.get_post_metrics
hackernews.list_comments
hackernews.reply_to_comment
hackernews.submit_post
instagram.auto_reply_dms
instagram.comment_on_posts
instagram.engage_user_posts
instagram.engage_with_posts
instagram.export_followers
instagram.extract_post_data
instagram.find_by_keyword
instagram.follow_users
instagram.like_comments_on_posts
instagram.like_posts
instagram.list_post_comments
instagram.list_user_posts
instagram.publish_post
instagram.reply_to_comments
instagram.scrape_profile_info
instagram.send_dms
instagram.unfollow_users
instagram.watch_stories
linkedin.auto_reply_dms
linkedin.comment_on_posts
linkedin.engage_with_posts
linkedin.export_followers
linkedin.find_by_keyword
linkedin.like_comments
linkedin.like_posts
linkedin.list_post_comments
linkedin.list_user_posts
linkedin.publish_post
linkedin.scrape_profile_info
linkedin.send_dms
producthunt.comment_on_launch
producthunt.get_launch_metrics
producthunt.list_comments
tiktok.auto_reply_dms
tiktok.comment_on_video
tiktok.duet_video
tiktok.engage_with_posts
tiktok.export_followers
tiktok.find_by_keyword
tiktok.follow_user
tiktok.like_comment
tiktok.like_video
tiktok.list_user_videos
tiktok.list_video_comments
tiktok.publish_post
tiktok.scrape_profile_info
tiktok.send_dms
tiktok.share_video
tiktok.stitch_video
x.auto_reply_dms
x.engage_with_posts
x.export_followers
x.find_by_keyword
x.publish_post
x.scrape_profile_info
x.send_dms
